// Jest Snapshot v1, https://goo.gl/fbAQLP

exports[`renders correctly 1`] = `
<View
  style={
    Object {
      "flex": 1,
      "marginTop": 65,
    }
  }
>
  <View
    style={
      Object {
        "backgroundColor": "lightblue",
      }
    }
  >
    <Text
      accessible={true}
      allowFontScaling={true}
      ellipsizeMode="tail"
      style={
        Object {
          "color": "grey",
          "fontSize": 20,
          "marginLeft": 10,
        }
      }
    >
      Week 
      4
    </Text>
    <Text
      accessible={true}
      allowFontScaling={true}
      ellipsizeMode="tail"
      style={
        Object {
          "color": "grey",
          "fontSize": 20,
          "marginLeft": 10,
        }
      }
    >
      Total Amount: $
      99
    </Text>
    <Text
      accessible={true}
      allowFontScaling={true}
      ellipsizeMode="tail"
      style={
        Object {
          "color": "grey",
          "fontSize": 20,
          "marginLeft": 10,
        }
      }
    >
      Average Day Spending: $
      14.14
    </Text>
  </View>
  <RCTScrollView>
    <View>
      <View
        accessibilityComponentType={undefined}
        accessibilityLabel={undefined}
        accessibilityTraits={undefined}
        accessible={true}
        hasTVPreferredFocus={undefined}
        hitSlop={undefined}
        isTVSelectable={true}
        onLayout={undefined}
        onResponderGrant={[Function]}
        onResponderMove={[Function]}
        onResponderRelease={[Function]}
        onResponderTerminate={[Function]}
        onResponderTerminationRequest={[Function]}
        onStartShouldSetResponder={[Function]}
        style={
          Array [
            Object {
              "backgroundColor": "transparent",
            },
            Array [
              Object {
                "backgroundColor": "transparent",
                "borderBottomColor": "#ededed",
                "borderBottomWidth": 1,
                "paddingBottom": 10,
                "paddingRight": 10,
                "paddingTop": 10,
              },
              undefined,
            ],
          ]
        }
        testID={undefined}
        tvParallaxProperties={undefined}
      >
        <View
          style={
            Array [
              Object {
                "flexDirection": "row",
                "marginLeft": 10,
              },
              undefined,
            ]
          }
        >
          <View
            style={
              Object {
                "flex": 1,
                "justifyContent": "center",
              }
            }
          >
            <View
              style={undefined}
            >
              <View>
                <View
                  style={
                    Object {
                      "flexDirection": "row",
                      "justifyContent": "space-between",
                      "marginLeft": 10,
                    }
                  }
                >
                  <Text
                    accessible={true}
                    allowFontScaling={true}
                    ellipsizeMode="tail"
                    style={
                      Object {
                        "color": "darkslategrey",
                        "fontSize": 18,
                        "fontWeight": "bold",
                      }
                    }
                  >
                    description
                  </Text>
                  <Text
                    accessible={true}
                    allowFontScaling={true}
                    ellipsizeMode="tail"
                    style={
                      Object {
                        "color": "midnightblue",
                        "fontSize": 18,
                      }
                    }
                  >
                    $ 
                    99
                  </Text>
                </View>
              </View>
            </View>
            <View
              style={undefined}
            >
              <View>
                <View
                  style={
                    Object {
                      "marginLeft": 10,
                    }
                  }
                >
                  <Text
                    accessible={true}
                    allowFontScaling={true}
                    ellipsizeMode="tail"
                    style={
                      Object {
                        "color": "grey",
                        "marginVertical": 2,
                      }
                    }
                  >
                    01/02/00  00:00
                  </Text>
                  <Text
                    accessible={true}
                    allowFontScaling={true}
                    ellipsizeMode="tail"
                    style={
                      Object {
                        "color": "darkgrey",
                        "fontSize": 12,
                      }
                    }
                  >
                    Some long comment
                  </Text>
                </View>
              </View>
            </View>
          </View>
          <View
            style={
              Object {
                "alignItems": "flex-end",
                "flex": 0.15,
                "justifyContent": "center",
              }
            }
          >
            <View
              onLongPress={undefined}
              onPress={undefined}
              style={
                Array [
                  false,
                  false,
                  false,
                  Object {
                    "alignItems": "center",
                    "backgroundColor": "transparent",
                    "justifyContent": "center",
                  },
                  undefined,
                ]
              }
              underlayColor="white"
            >
              <Text
                accessible={true}
                allowFontScaling={false}
                ellipsizeMode="tail"
                style={
                  Array [
                    Object {
                      "color": "#bdc6cf",
                      "fontSize": 28,
                    },
                    Array [
                      Object {
                        "backgroundColor": "transparent",
                      },
                      Array [
                        Object {},
                        undefined,
                      ],
                    ],
                    Object {
                      "fontFamily": "Material Icons",
                      "fontStyle": "normal",
                      "fontWeight": "normal",
                    },
                  ]
                }
              >
                î—Œ
              </Text>
            </View>
          </View>
        </View>
      </View>
    </View>
  </RCTScrollView>
  <View
    style={
      Object {
        "backgroundColor": "lightblue",
      }
    }
  >
    <View
      accessibilityComponentType="button"
      accessibilityLabel={undefined}
      accessibilityTraits={
        Array [
          "button",
        ]
      }
      accessible={true}
      hitSlop={undefined}
      isTVSelectable={true}
      onLayout={undefined}
      onResponderGrant={[Function]}
      onResponderMove={[Function]}
      onResponderRelease={[Function]}
      onResponderTerminate={[Function]}
      onResponderTerminationRequest={[Function]}
      onStartShouldSetResponder={[Function]}
      style={
        Object {
          "opacity": 1,
        }
      }
      testID={undefined}
      tvParallaxProperties={undefined}
    >
      <View
        style={
          Array [
            Object {},
          ]
        }
      >
        <Text
          accessible={true}
          allowFontScaling={true}
          ellipsizeMode="tail"
          style={
            Array [
              Object {
                "color": "#0C42FD",
                "fontSize": 18,
                "padding": 8,
                "textAlign": "center",
              },
            ]
          }
        >
          Print
        </Text>
      </View>
    </View>
  </View>
</View>
`;
